[      74ms] [ERROR] Failed to load resource: the server responded with a status of 500 (Internal Server Error) @ http://localhost:3001/login:0
[     738ms] ModuleBuildError: Module build failed (from ./node_modules/next/dist/build/webpack/loaders/next-swc-loader.js):
Error: 
  x Unexpected token `div`. Expected jsx identifier
     ,-[C:\Users\furkan.cakir\Desktop\ServicePro\ServicePro_Demo\components\operations\weekly-operations-dashboard.tsx:118:1]
 118 |   }, [services]);
 119 | 
 120 |   return (
 121 |     <div className="space-y-4" data-testid="weekly-operations-dashboard">
     :      ^^^
 122 |       {/* Haftalık Özet Panel */}
 123 |       <Card className="surface-panel" data-testid="haftalik-dis-servis-plani-panel">
 124 |         <CardContent className="space-y-4 pt-4">
     `----


Caused by:
    Syntax Error
    at processResult (file://C:\Users\furkan.cakir\Desktop\ServicePro\ServicePro_Demo\node_modules\next\dist\compiled\webpack\bundle5.js:28:400590)
    at <unknown> (file://C:\Users\furkan.cakir\Desktop\ServicePro\ServicePro_Demo\node_modules\next\dist\compiled\webpack\bundle5.js:28:402302)
    at <unknown> (file://C:\Users\furkan.cakir\Desktop\ServicePro\ServicePro_Demo\node_modules\next\dist\compiled\loader-runner\LoaderRunner.js:1:8645)
    at <unknown> (file://C:\Users\furkan.cakir\Desktop\ServicePro\ServicePro_Demo\node_modules\next\dist\compiled\loader-runner\LoaderRunner.js:1:5019)
    at r.callback (file://C:\Users\furkan.cakir\Desktop\ServicePro\ServicePro_Demo\node_modules\next\dist\compiled\loader-runner\LoaderRunner.js:1:4039)
[     774ms] [ERROR] ./components/operations/weekly-operations-dashboard.tsx
Error: 
  x Unexpected token `div`. Expected jsx identifier
     ,-[C:\Users\furkan.cakir\Desktop\ServicePro\ServicePro_Demo\components\operations\weekly-operations-dashboard.tsx:118:1]
 118 |   }, [services]);
 119 | 
 120 |   return (
 121 |     <div className="space-y-4" data-testid="weekly-operations-dashboard">
     :      ^^^
 122 |       {/* Haftalık Özet Panel */}
 123 |       <Card className="surface-panel" data-testid="haftalik-dis-servis-plani-panel">
 124 |         <CardContent className="space-y-4 pt-4">
     `----

Caused by:
    Syntax Error @ webpack-internal:///./node_modules/next/dist/client/components/react-dev-overlay/internal/helpers/hydration-error-info.js:62
[     824ms] [ERROR] ./components/operations/weekly-operations-dashboard.tsx
Error: 
  x Unexpected token `div`. Expected jsx identifier
     ,-[C:\Users\furkan.cakir\Desktop\ServicePro\ServicePro_Demo\components\operations\weekly-operations-dashboard.tsx:118:1]
 118 |   }, [services]);
 119 | 
 120 |   return (
 121 |     <div className="space-y-4" data-testid="weekly-operations-dashboard">
     :      ^^^
 122 |       {/* Haftalık Özet Panel */}
 123 |       <Card className="surface-panel" data-testid="haftalik-dis-servis-plani-panel">
 124 |         <CardContent className="space-y-4 pt-4">
     `----

Caused by:
    Syntax Error

Import trace for requested module:
./components/operations/weekly-operations-dashboard.tsx
./components/operations/operations-center.tsx @ webpack-internal:///./node_modules/next/dist/client/components/react-dev-overlay/internal/helpers/hydration-error-info.js:62
[    1240ms] [ERROR] ./components/operations/weekly-operations-dashboard.tsx
Error: 
  x Unexpected token `div`. Expected jsx identifier
     ,-[C:\Users\furkan.cakir\Desktop\ServicePro\ServicePro_Demo\components\operations\weekly-operations-dashboard.tsx:118:1]
 118 |   }, [services]);
 119 | 
 120 |   return (
 121 |     <div className="space-y-4" data-testid="weekly-operations-dashboard">
     :      ^^^
 122 |       {/* Haftalık Özet Panel */}
 123 |       <Card className="surface-panel" data-testid="haftalik-dis-servis-plani-panel">
 124 |         <CardContent className="space-y-4 pt-4">
     `----

Caused by:
    Syntax Error

Import trace for requested module:
./components/operations/weekly-operations-dashboard.tsx
./components/operations/operations-center.tsx @ webpack-internal:///./node_modules/next/dist/client/components/react-dev-overlay/internal/helpers/hydration-error-info.js:62
[    1263ms] [ERROR] Failed to load resource: the server responded with a status of 404 (Not Found) @ http://localhost:3001/favicon.ico:0
[   26701ms] [ERROR] ./components/operations/weekly-operations-dashboard.tsx
Error: 
  x Unexpected token `div`. Expected jsx identifier
     ,-[C:\Users\furkan.cakir\Desktop\ServicePro\ServicePro_Demo\components\operations\weekly-operations-dashboard.tsx:118:1]
 118 |   }, [services]);
 119 | 
 120 |   return (
 121 |     <div className="space-y-4" data-testid="weekly-operations-dashboard">
     :      ^^^
 122 |       {/* Haftalık Özet Panel */}
 123 |       <Card className="surface-panel" data-testid="haftalik-dis-servis-plani-panel">
 124 |         <CardContent className="space-y-4 pt-4">
     `----

Caused by:
    Syntax Error

Import trace for requested module:
./components/operations/weekly-operations-dashboard.tsx
./components/operations/operations-center.tsx @ webpack-internal:///./node_modules/next/dist/client/components/react-dev-overlay/internal/helpers/hydration-error-info.js:62
[   28829ms] [WARNING] ./components/operations/weekly-operations-dashboard.tsx
Attempted import error: 'CLOSED_STATUSES' is not exported from '@/lib/domain-mappers' (imported as 'CLOSED_STATUSES').

Import trace for requested module:
./components/operations/weekly-operations-dashboard.tsx
./components/operations/operations-center.tsx @ webpack-internal:///./node_modules/next/dist/client/components/react-dev-overlay/pages/hot-reloader-client.js:136
[   28829ms] [WARNING] ./components/operations/weekly-operations-dashboard.tsx
Attempted import error: 'parseDateOnlyToUtcDate' is not exported from './utils' (imported as 'parseDateOnlyToUtcDate').

Import trace for requested module:
./components/operations/weekly-operations-dashboard.tsx
./components/operations/operations-center.tsx @ webpack-internal:///./node_modules/next/dist/client/components/react-dev-overlay/pages/hot-reloader-client.js:136
[   28829ms] [WARNING] ./components/operations/weekly-operations-dashboard.tsx
Attempted import error: 'CLOSED_STATUSES' is not exported from '@/lib/domain-mappers' (imported as 'CLOSED_STATUSES').

Import trace for requested module:
./components/operations/weekly-operations-dashboard.tsx
./components/operations/operations-center.tsx @ webpack-internal:///./node_modules/next/dist/client/components/react-dev-overlay/pages/hot-reloader-client.js:136
[   29434ms] [WARNING] ./components/operations/weekly-operations-dashboard.tsx
Attempted import error: 'CLOSED_STATUSES' is not exported from '@/lib/domain-mappers' (imported as 'CLOSED_STATUSES').

Import trace for requested module:
./components/operations/weekly-operations-dashboard.tsx
./components/operations/operations-center.tsx @ webpack-internal:///./node_modules/next/dist/client/components/react-dev-overlay/pages/hot-reloader-client.js:136
[   29437ms] [WARNING] ./components/operations/weekly-operations-dashboard.tsx
Attempted import error: 'parseDateOnlyToUtcDate' is not exported from './utils' (imported as 'parseDateOnlyToUtcDate').

Import trace for requested module:
./components/operations/weekly-operations-dashboard.tsx
./components/operations/operations-center.tsx @ webpack-internal:///./node_modules/next/dist/client/components/react-dev-overlay/pages/hot-reloader-client.js:136
[   29438ms] [WARNING] ./components/operations/weekly-operations-dashboard.tsx
Attempted import error: 'CLOSED_STATUSES' is not exported from '@/lib/domain-mappers' (imported as 'CLOSED_STATUSES').

Import trace for requested module:
./components/operations/weekly-operations-dashboard.tsx
./components/operations/operations-center.tsx @ webpack-internal:///./node_modules/next/dist/client/components/react-dev-overlay/pages/hot-reloader-client.js:136
[   29940ms] [ERROR] Failed to load resource: the server responded with a status of 404 (Not Found) @ http://localhost:3001/_next/static/webpack/5fa5e6dc2676d542.webpack.hot-update.json:0
[   29942ms] [WARNING] [Fast Refresh] performing full reload because your application had an unrecoverable error @ webpack-internal:///./node_modules/next/dist/client/components/react-dev-overlay/pages/hot-reloader-client.js:349
[   31551ms] [WARNING] ./components/operations/weekly-operations-dashboard.tsx
Attempted import error: 'CLOSED_STATUSES' is not exported from '@/lib/domain-mappers' (imported as 'CLOSED_STATUSES'). @ webpack-internal:///(app-pages-browser)/./node_modules/next/dist/client/components/react-dev-overlay/app/hot-reloader-client.js:226
[   31552ms] [WARNING] ./components/operations/weekly-operations-dashboard.tsx
Attempted import error: 'parseDateOnlyToUtcDate' is not exported from './utils' (imported as 'parseDateOnlyToUtcDate'). @ webpack-internal:///(app-pages-browser)/./node_modules/next/dist/client/components/react-dev-overlay/app/hot-reloader-client.js:226
[   31553ms] [WARNING] ./components/operations/weekly-operations-dashboard.tsx
Attempted import error: 'CLOSED_STATUSES' is not exported from '@/lib/domain-mappers' (imported as 'CLOSED_STATUSES'). @ webpack-internal:///(app-pages-browser)/./node_modules/next/dist/client/components/react-dev-overlay/app/hot-reloader-client.js:226
[   34111ms] [ERROR] Failed to load resource: the server responded with a status of 404 (Not Found) @ http://localhost:3001/api/weather'lat=36.8547&lon=28.2742&name=Marmaris:0
[   34113ms] [ERROR] Error: Hava durumu alinamadi
    at fetchWeather (webpack-internal:///(app-pages-browser)/./components/dashboard/weather-widget.tsx:154:27) @ webpack-internal:///(app-pages-browser)/./node_modules/next/dist/client/app-index.js:32
[   34283ms] [ERROR] Failed to load resource: the server responded with a status of 404 (Not Found) @ http://localhost:3001/api/weather/locations'q=Marmaris:0
[   34284ms] [ERROR] Error: Konum aramasi basarisiz
    at eval (webpack-internal:///(app-pages-browser)/./components/dashboard/weather-widget.tsx:117:27) @ webpack-internal:///(app-pages-browser)/./node_modules/next/dist/client/app-index.js:32
[   69723ms] [WARNING] ./components/operations/weekly-operations-dashboard.tsx
Attempted import error: 'CLOSED_STATUSES' is not exported from '@/lib/domain-mappers' (imported as 'CLOSED_STATUSES'). @ webpack-internal:///(app-pages-browser)/./node_modules/next/dist/client/components/react-dev-overlay/app/hot-reloader-client.js:226
[   69723ms] [WARNING] ./components/operations/weekly-operations-dashboard.tsx
Attempted import error: 'parseDateOnlyToUtcDate' is not exported from './utils' (imported as 'parseDateOnlyToUtcDate'). @ webpack-internal:///(app-pages-browser)/./node_modules/next/dist/client/components/react-dev-overlay/app/hot-reloader-client.js:226
[   69724ms] [WARNING] ./components/operations/weekly-operations-dashboard.tsx
Attempted import error: 'CLOSED_STATUSES' is not exported from '@/lib/domain-mappers' (imported as 'CLOSED_STATUSES'). @ webpack-internal:///(app-pages-browser)/./node_modules/next/dist/client/components/react-dev-overlay/app/hot-reloader-client.js:226
[   72603ms] [WARNING] ./components/operations/weekly-operations-dashboard.tsx
Attempted import error: 'CLOSED_STATUSES' is not exported from '@/lib/domain-mappers' (imported as 'CLOSED_STATUSES'). @ webpack-internal:///(app-pages-browser)/./node_modules/next/dist/client/components/react-dev-overlay/app/hot-reloader-client.js:226
[   72604ms] [WARNING] ./components/operations/weekly-operations-dashboard.tsx
Attempted import error: 'parseDateOnlyToUtcDate' is not exported from './utils' (imported as 'parseDateOnlyToUtcDate'). @ webpack-internal:///(app-pages-browser)/./node_modules/next/dist/client/components/react-dev-overlay/app/hot-reloader-client.js:226
[   72604ms] [WARNING] ./components/operations/weekly-operations-dashboard.tsx
Attempted import error: 'CLOSED_STATUSES' is not exported from '@/lib/domain-mappers' (imported as 'CLOSED_STATUSES'). @ webpack-internal:///(app-pages-browser)/./node_modules/next/dist/client/components/react-dev-overlay/app/hot-reloader-client.js:226
[   73737ms] [WARNING] ./components/operations/weekly-operations-dashboard.tsx
Attempted import error: 'CLOSED_STATUSES' is not exported from '@/lib/domain-mappers' (imported as 'CLOSED_STATUSES'). @ webpack-internal:///(app-pages-browser)/./node_modules/next/dist/client/components/react-dev-overlay/app/hot-reloader-client.js:226
[   73741ms] [WARNING] ./components/operations/weekly-operations-dashboard.tsx
Attempted import error: 'parseDateOnlyToUtcDate' is not exported from './utils' (imported as 'parseDateOnlyToUtcDate'). @ webpack-internal:///(app-pages-browser)/./node_modules/next/dist/client/components/react-dev-overlay/app/hot-reloader-client.js:226
[   73742ms] [WARNING] ./components/operations/weekly-operations-dashboard.tsx
Attempted import error: 'CLOSED_STATUSES' is not exported from '@/lib/domain-mappers' (imported as 'CLOSED_STATUSES'). @ webpack-internal:///(app-pages-browser)/./node_modules/next/dist/client/components/react-dev-overlay/app/hot-reloader-client.js:226
[   76040ms] [WARNING] ./components/operations/weekly-operations-dashboard.tsx
Attempted import error: 'CLOSED_STATUSES' is not exported from '@/lib/domain-mappers' (imported as 'CLOSED_STATUSES'). @ webpack-internal:///(app-pages-browser)/./node_modules/next/dist/client/components/react-dev-overlay/app/hot-reloader-client.js:226
[   76040ms] [WARNING] ./components/operations/weekly-operations-dashboard.tsx
Attempted import error: 'parseDateOnlyToUtcDate' is not exported from './utils' (imported as 'parseDateOnlyToUtcDate'). @ webpack-internal:///(app-pages-browser)/./node_modules/next/dist/client/components/react-dev-overlay/app/hot-reloader-client.js:226
[   76040ms] [WARNING] ./components/operations/weekly-operations-dashboard.tsx
Attempted import error: 'CLOSED_STATUSES' is not exported from '@/lib/domain-mappers' (imported as 'CLOSED_STATUSES'). @ webpack-internal:///(app-pages-browser)/./node_modules/next/dist/client/components/react-dev-overlay/app/hot-reloader-client.js:226
[   79248ms] [WARNING] ./components/operations/weekly-operations-dashboard.tsx
Attempted import error: 'CLOSED_STATUSES' is not exported from '@/lib/domain-mappers' (imported as 'CLOSED_STATUSES'). @ webpack-internal:///(app-pages-browser)/./node_modules/next/dist/client/components/react-dev-overlay/app/hot-reloader-client.js:226
[   79250ms] [WARNING] ./components/operations/weekly-operations-dashboard.tsx
Attempted import error: 'parseDateOnlyToUtcDate' is not exported from './utils' (imported as 'parseDateOnlyToUtcDate'). @ webpack-internal:///(app-pages-browser)/./node_modules/next/dist/client/components/react-dev-overlay/app/hot-reloader-client.js:226
[   79250ms] [WARNING] ./components/operations/weekly-operations-dashboard.tsx
Attempted import error: 'CLOSED_STATUSES' is not exported from '@/lib/domain-mappers' (imported as 'CLOSED_STATUSES'). @ webpack-internal:///(app-pages-browser)/./node_modules/next/dist/client/components/react-dev-overlay/app/hot-reloader-client.js:226
[   81399ms] [WARNING] ./components/operations/weekly-operations-dashboard.tsx
Attempted import error: 'CLOSED_STATUSES' is not exported from '@/lib/domain-mappers' (imported as 'CLOSED_STATUSES'). @ webpack-internal:///(app-pages-browser)/./node_modules/next/dist/client/components/react-dev-overlay/app/hot-reloader-client.js:226
[   81400ms] [WARNING] ./components/operations/weekly-operations-dashboard.tsx
Attempted import error: 'parseDateOnlyToUtcDate' is not exported from './utils' (imported as 'parseDateOnlyToUtcDate'). @ webpack-internal:///(app-pages-browser)/./node_modules/next/dist/client/components/react-dev-overlay/app/hot-reloader-client.js:226
[   81400ms] [WARNING] ./components/operations/weekly-operations-dashboard.tsx
Attempted import error: 'CLOSED_STATUSES' is not exported from '@/lib/domain-mappers' (imported as 'CLOSED_STATUSES'). @ webpack-internal:///(app-pages-browser)/./node_modules/next/dist/client/components/react-dev-overlay/app/hot-reloader-client.js:226
[   83688ms] [WARNING] ./components/operations/weekly-operations-dashboard.tsx
Attempted import error: 'CLOSED_STATUSES' is not exported from '@/lib/domain-mappers' (imported as 'CLOSED_STATUSES'). @ webpack-internal:///(app-pages-browser)/./node_modules/next/dist/client/components/react-dev-overlay/app/hot-reloader-client.js:226
[   83689ms] [WARNING] ./components/operations/weekly-operations-dashboard.tsx
Attempted import error: 'parseDateOnlyToUtcDate' is not exported from './utils' (imported as 'parseDateOnlyToUtcDate'). @ webpack-internal:///(app-pages-browser)/./node_modules/next/dist/client/components/react-dev-overlay/app/hot-reloader-client.js:226
[   83689ms] [WARNING] ./components/operations/weekly-operations-dashboard.tsx
Attempted import error: 'CLOSED_STATUSES' is not exported from '@/lib/domain-mappers' (imported as 'CLOSED_STATUSES'). @ webpack-internal:///(app-pages-browser)/./node_modules/next/dist/client/components/react-dev-overlay/app/hot-reloader-client.js:226
[   86076ms] [WARNING] ./components/operations/weekly-operations-dashboard.tsx
Attempted import error: 'CLOSED_STATUSES' is not exported from '@/lib/domain-mappers' (imported as 'CLOSED_STATUSES'). @ webpack-internal:///(app-pages-browser)/./node_modules/next/dist/client/components/react-dev-overlay/app/hot-reloader-client.js:226
[   86077ms] [WARNING] ./components/operations/weekly-operations-dashboard.tsx
Attempted import error: 'parseDateOnlyToUtcDate' is not exported from './utils' (imported as 'parseDateOnlyToUtcDate'). @ webpack-internal:///(app-pages-browser)/./node_modules/next/dist/client/components/react-dev-overlay/app/hot-reloader-client.js:226
[   86078ms] [WARNING] ./components/operations/weekly-operations-dashboard.tsx
Attempted import error: 'CLOSED_STATUSES' is not exported from '@/lib/domain-mappers' (imported as 'CLOSED_STATUSES'). @ webpack-internal:///(app-pages-browser)/./node_modules/next/dist/client/components/react-dev-overlay/app/hot-reloader-client.js:226
[   88270ms] [WARNING] ./components/operations/weekly-operations-dashboard.tsx
Attempted import error: 'CLOSED_STATUSES' is not exported from '@/lib/domain-mappers' (imported as 'CLOSED_STATUSES'). @ webpack-internal:///(app-pages-browser)/./node_modules/next/dist/client/components/react-dev-overlay/app/hot-reloader-client.js:226
[   88271ms] [WARNING] ./components/operations/weekly-operations-dashboard.tsx
Attempted import error: 'parseDateOnlyToUtcDate' is not exported from './utils' (imported as 'parseDateOnlyToUtcDate'). @ webpack-internal:///(app-pages-browser)/./node_modules/next/dist/client/components/react-dev-overlay/app/hot-reloader-client.js:226
[   88271ms] [WARNING] ./components/operations/weekly-operations-dashboard.tsx
Attempted import error: 'CLOSED_STATUSES' is not exported from '@/lib/domain-mappers' (imported as 'CLOSED_STATUSES'). @ webpack-internal:///(app-pages-browser)/./node_modules/next/dist/client/components/react-dev-overlay/app/hot-reloader-client.js:226
[   92488ms] [WARNING] ./components/operations/weekly-operations-dashboard.tsx
Attempted import error: 'CLOSED_STATUSES' is not exported from '@/lib/domain-mappers' (imported as 'CLOSED_STATUSES'). @ webpack-internal:///(app-pages-browser)/./node_modules/next/dist/client/components/react-dev-overlay/app/hot-reloader-client.js:226
[   92488ms] [WARNING] ./components/operations/weekly-operations-dashboard.tsx
Attempted import error: 'parseDateOnlyToUtcDate' is not exported from './utils' (imported as 'parseDateOnlyToUtcDate'). @ webpack-internal:///(app-pages-browser)/./node_modules/next/dist/client/components/react-dev-overlay/app/hot-reloader-client.js:226
[   92488ms] [WARNING] ./components/operations/weekly-operations-dashboard.tsx
Attempted import error: 'CLOSED_STATUSES' is not exported from '@/lib/domain-mappers' (imported as 'CLOSED_STATUSES'). @ webpack-internal:///(app-pages-browser)/./node_modules/next/dist/client/components/react-dev-overlay/app/hot-reloader-client.js:226
[   94751ms] [WARNING] ./components/operations/weekly-operations-dashboard.tsx
Attempted import error: 'CLOSED_STATUSES' is not exported from '@/lib/domain-mappers' (imported as 'CLOSED_STATUSES'). @ webpack-internal:///(app-pages-browser)/./node_modules/next/dist/client/components/react-dev-overlay/app/hot-reloader-client.js:226
[   94752ms] [WARNING] ./components/operations/weekly-operations-dashboard.tsx
Attempted import error: 'parseDateOnlyToUtcDate' is not exported from './utils' (imported as 'parseDateOnlyToUtcDate'). @ webpack-internal:///(app-pages-browser)/./node_modules/next/dist/client/components/react-dev-overlay/app/hot-reloader-client.js:226
[   94752ms] [WARNING] ./components/operations/weekly-operations-dashboard.tsx
Attempted import error: 'CLOSED_STATUSES' is not exported from '@/lib/domain-mappers' (imported as 'CLOSED_STATUSES'). @ webpack-internal:///(app-pages-browser)/./node_modules/next/dist/client/components/react-dev-overlay/app/hot-reloader-client.js:226
[   96749ms] [WARNING] ./components/operations/weekly-operations-dashboard.tsx
Attempted import error: 'CLOSED_STATUSES' is not exported from '@/lib/domain-mappers' (imported as 'CLOSED_STATUSES'). @ webpack-internal:///(app-pages-browser)/./node_modules/next/dist/client/components/react-dev-overlay/app/hot-reloader-client.js:226
[   96750ms] [WARNING] ./components/operations/weekly-operations-dashboard.tsx
Attempted import error: 'parseDateOnlyToUtcDate' is not exported from './utils' (imported as 'parseDateOnlyToUtcDate'). @ webpack-internal:///(app-pages-browser)/./node_modules/next/dist/client/components/react-dev-overlay/app/hot-reloader-client.js:226
[   96751ms] [WARNING] ./components/operations/weekly-operations-dashboard.tsx
Attempted import error: 'CLOSED_STATUSES' is not exported from '@/lib/domain-mappers' (imported as 'CLOSED_STATUSES'). @ webpack-internal:///(app-pages-browser)/./node_modules/next/dist/client/components/react-dev-overlay/app/hot-reloader-client.js:226
[   98766ms] [WARNING] ./components/operations/weekly-operations-dashboard.tsx
Attempted import error: 'CLOSED_STATUSES' is not exported from '@/lib/domain-mappers' (imported as 'CLOSED_STATUSES'). @ webpack-internal:///(app-pages-browser)/./node_modules/next/dist/client/components/react-dev-overlay/app/hot-reloader-client.js:226
[   98766ms] [WARNING] ./components/operations/weekly-operations-dashboard.tsx
Attempted import error: 'parseDateOnlyToUtcDate' is not exported from './utils' (imported as 'parseDateOnlyToUtcDate'). @ webpack-internal:///(app-pages-browser)/./node_modules/next/dist/client/components/react-dev-overlay/app/hot-reloader-client.js:226
[   98767ms] [WARNING] ./components/operations/weekly-operations-dashboard.tsx
Attempted import error: 'CLOSED_STATUSES' is not exported from '@/lib/domain-mappers' (imported as 'CLOSED_STATUSES'). @ webpack-internal:///(app-pages-browser)/./node_modules/next/dist/client/components/react-dev-overlay/app/hot-reloader-client.js:226
[  102918ms] [WARNING] ./components/operations/weekly-operations-dashboard.tsx
Attempted import error: 'CLOSED_STATUSES' is not exported from '@/lib/domain-mappers' (imported as 'CLOSED_STATUSES'). @ webpack-internal:///(app-pages-browser)/./node_modules/next/dist/client/components/react-dev-overlay/app/hot-reloader-client.js:226
[  102919ms] [WARNING] ./components/operations/weekly-operations-dashboard.tsx
Attempted import error: 'parseDateOnlyToUtcDate' is not exported from './utils' (imported as 'parseDateOnlyToUtcDate'). @ webpack-internal:///(app-pages-browser)/./node_modules/next/dist/client/components/react-dev-overlay/app/hot-reloader-client.js:226
[  102919ms] [WARNING] ./components/operations/weekly-operations-dashboard.tsx
Attempted import error: 'CLOSED_STATUSES' is not exported from '@/lib/domain-mappers' (imported as 'CLOSED_STATUSES'). @ webpack-internal:///(app-pages-browser)/./node_modules/next/dist/client/components/react-dev-overlay/app/hot-reloader-client.js:226
[  104867ms] [WARNING] ./components/operations/weekly-operations-dashboard.tsx
Attempted import error: 'CLOSED_STATUSES' is not exported from '@/lib/domain-mappers' (imported as 'CLOSED_STATUSES'). @ webpack-internal:///(app-pages-browser)/./node_modules/next/dist/client/components/react-dev-overlay/app/hot-reloader-client.js:226
[  104868ms] [WARNING] ./components/operations/weekly-operations-dashboard.tsx
Attempted import error: 'parseDateOnlyToUtcDate' is not exported from './utils' (imported as 'parseDateOnlyToUtcDate'). @ webpack-internal:///(app-pages-browser)/./node_modules/next/dist/client/components/react-dev-overlay/app/hot-reloader-client.js:226
[  104870ms] [WARNING] ./components/operations/weekly-operations-dashboard.tsx
Attempted import error: 'CLOSED_STATUSES' is not exported from '@/lib/domain-mappers' (imported as 'CLOSED_STATUSES'). @ webpack-internal:///(app-pages-browser)/./node_modules/next/dist/client/components/react-dev-overlay/app/hot-reloader-client.js:226
[  105745ms] [WARNING] ./components/operations/weekly-operations-dashboard.tsx
Attempted import error: 'CLOSED_STATUSES' is not exported from '@/lib/domain-mappers' (imported as 'CLOSED_STATUSES'). @ webpack-internal:///(app-pages-browser)/./node_modules/next/dist/client/components/react-dev-overlay/app/hot-reloader-client.js:226
[  105745ms] [WARNING] ./components/operations/weekly-operations-dashboard.tsx
Attempted import error: 'parseDateOnlyToUtcDate' is not exported from './utils' (imported as 'parseDateOnlyToUtcDate'). @ webpack-internal:///(app-pages-browser)/./node_modules/next/dist/client/components/react-dev-overlay/app/hot-reloader-client.js:226
[  105745ms] [WARNING] ./components/operations/weekly-operations-dashboard.tsx
Attempted import error: 'CLOSED_STATUSES' is not exported from '@/lib/domain-mappers' (imported as 'CLOSED_STATUSES'). @ webpack-internal:///(app-pages-browser)/./node_modules/next/dist/client/components/react-dev-overlay/app/hot-reloader-client.js:226
