[  144291ms] [ERROR] ./components/operations/weekly-operations-dashboard.tsx
Error: 
  x Expression expected
     ,-[C:\Users\furkan.cakir\Desktop\ServicePro\ServicePro_Demo\components\operations\weekly-operations-dashboard.tsx:114:1]
 114 |       total: externalServices.length,
 115 |       locations: sortedLocations,
 116 |       uniqueBoats: new Set(externalServices.map((s) => s.tekneAdi).filter(Boolean).size,
 117 |     };
     :     ^
 118 |   }, [services]);
 119 | 
 120 |   return (
     `----

Caused by:
    Syntax Error

Import trace for requested module:
./components/operations/weekly-operations-dashboard.tsx
./components/operations/operations-center.tsx @ webpack-internal:///(app-pages-browser)/./node_modules/next/dist/client/app-index.js:32
[  145074ms] [ERROR] ./components/operations/weekly-operations-dashboard.tsx
Error: 
  x Expression expected
     ,-[C:\Users\furkan.cakir\Desktop\ServicePro\ServicePro_Demo\components\operations\weekly-operations-dashboard.tsx:114:1]
 114 |       total: externalServices.length,
 115 |       locations: sortedLocations,
 116 |       uniqueBoats: new Set(externalServices.map((s) => s.tekneAdi).filter(Boolean).size,
 117 |     };
     :     ^
 118 |   }, [services]);
 119 | 
 120 |   return (
     `----

Caused by:
    Syntax Error

Import trace for requested module:
./components/operations/weekly-operations-dashboard.tsx
./components/operations/operations-center.tsx @ webpack-internal:///(app-pages-browser)/./node_modules/next/dist/client/app-index.js:32
[  145547ms] [ERROR] ./components/operations/weekly-operations-dashboard.tsx
Error: 
  x Expression expected
     ,-[C:\Users\furkan.cakir\Desktop\ServicePro\ServicePro_Demo\components\operations\weekly-operations-dashboard.tsx:114:1]
 114 |       total: externalServices.length,
 115 |       locations: sortedLocations,
 116 |       uniqueBoats: new Set(externalServices.map((s) => s.tekneAdi).filter(Boolean).size,
 117 |     };
     :     ^
 118 |   }, [services]);
 119 | 
 120 |   return (
     `----

Caused by:
    Syntax Error

Import trace for requested module:
./components/operations/weekly-operations-dashboard.tsx
./components/operations/operations-center.tsx @ webpack-internal:///(app-pages-browser)/./node_modules/next/dist/client/app-index.js:32
[  145588ms] [ERROR] ./components/operations/weekly-operations-dashboard.tsx
Error: 
  x Expression expected
     ,-[C:\Users\furkan.cakir\Desktop\ServicePro\ServicePro_Demo\components\operations\weekly-operations-dashboard.tsx:114:1]
 114 |       total: externalServices.length,
 115 |       locations: sortedLocations,
 116 |       uniqueBoats: new Set(externalServices.map((s) => s.tekneAdi).filter(Boolean).size,
 117 |     };
     :     ^
 118 |   }, [services]);
 119 | 
 120 |   return (
     `----

Caused by:
    Syntax Error

Import trace for requested module:
./components/operations/weekly-operations-dashboard.tsx
./components/operations/operations-center.tsx @ webpack-internal:///(app-pages-browser)/./node_modules/next/dist/client/app-index.js:32
[  146264ms] [ERROR] ./components/operations/weekly-operations-dashboard.tsx
Error: 
  x Expression expected
     ,-[C:\Users\furkan.cakir\Desktop\ServicePro\ServicePro_Demo\components\operations\weekly-operations-dashboard.tsx:114:1]
 114 |       total: externalServices.length,
 115 |       locations: sortedLocations,
 116 |       uniqueBoats: new Set(externalServices.map((s) => s.tekneAdi).filter(Boolean).size,
 117 |     };
     :     ^
 118 |   }, [services]);
 119 | 
 120 |   return (
     `----

Caused by:
    Syntax Error

Import trace for requested module:
./components/operations/weekly-operations-dashboard.tsx
./components/operations/operations-center.tsx @ webpack-internal:///(app-pages-browser)/./node_modules/next/dist/client/app-index.js:32
[  146821ms] [ERROR] ./components/operations/weekly-operations-dashboard.tsx
Error: 
  x Expression expected
     ,-[C:\Users\furkan.cakir\Desktop\ServicePro\ServicePro_Demo\components\operations\weekly-operations-dashboard.tsx:114:1]
 114 |       total: externalServices.length,
 115 |       locations: sortedLocations,
 116 |       uniqueBoats: new Set(externalServices.map((s) => s.tekneAdi).filter(Boolean).size,
 117 |     };
     :     ^
 118 |   }, [services]);
 119 | 
 120 |   return (
     `----

Caused by:
    Syntax Error

Import trace for requested module:
./components/operations/weekly-operations-dashboard.tsx
./components/operations/operations-center.tsx @ webpack-internal:///(app-pages-browser)/./node_modules/next/dist/client/app-index.js:32
[  150325ms] [ERROR] ./components/operations/weekly-operations-dashboard.tsx
Error: 
  x Expression expected
     ,-[C:\Users\furkan.cakir\Desktop\ServicePro\ServicePro_Demo\components\operations\weekly-operations-dashboard.tsx:114:1]
 114 |       total: externalServices.length,
 115 |       locations: sortedLocations,
 116 |       uniqueBoats: new Set(externalServices.map((s) => s.tekneAdi).filter(Boolean).size,
 117 |     };
     :     ^
 118 |   }, [services]);
 119 | 
 120 |   return (
     `----

Caused by:
    Syntax Error

Import trace for requested module:
./components/operations/weekly-operations-dashboard.tsx
./components/operations/operations-center.tsx @ webpack-internal:///(app-pages-browser)/./node_modules/next/dist/client/app-index.js:32
[  152907ms] [ERROR] ./components/operations/weekly-operations-dashboard.tsx
Error: 
  x Expression expected
     ,-[C:\Users\furkan.cakir\Desktop\ServicePro\ServicePro_Demo\components\operations\weekly-operations-dashboard.tsx:114:1]
 114 |       total: externalServices.length,
 115 |       locations: sortedLocations,
 116 |       uniqueBoats: new Set(externalServices.map((s) => s.tekneAdi).filter(Boolean).size,
 117 |     };
     :     ^
 118 |   }, [services]);
 119 | 
 120 |   return (
     `----

Caused by:
    Syntax Error

Import trace for requested module:
./components/operations/weekly-operations-dashboard.tsx
./components/operations/operations-center.tsx @ webpack-internal:///(app-pages-browser)/./node_modules/next/dist/client/app-index.js:32
[  153808ms] [ERROR] ./components/operations/weekly-operations-dashboard.tsx
Error: 
  x Expression expected
     ,-[C:\Users\furkan.cakir\Desktop\ServicePro\ServicePro_Demo\components\operations\weekly-operations-dashboard.tsx:114:1]
 114 |       total: externalServices.length,
 115 |       locations: sortedLocations,
 116 |       uniqueBoats: new Set(externalServices.map((s) => s.tekneAdi).filter(Boolean).size,
 117 |     };
     :     ^
 118 |   }, [services]);
 119 | 
 120 |   return (
     `----

Caused by:
    Syntax Error

Import trace for requested module:
./components/operations/weekly-operations-dashboard.tsx
./components/operations/operations-center.tsx @ webpack-internal:///(app-pages-browser)/./node_modules/next/dist/client/app-index.js:32
[  154199ms] [ERROR] ./components/operations/weekly-operations-dashboard.tsx
Error: 
  x Expression expected
     ,-[C:\Users\furkan.cakir\Desktop\ServicePro\ServicePro_Demo\components\operations\weekly-operations-dashboard.tsx:114:1]
 114 |       total: externalServices.length,
 115 |       locations: sortedLocations,
 116 |       uniqueBoats: new Set(externalServices.map((s) => s.tekneAdi).filter(Boolean).size,
 117 |     };
     :     ^
 118 |   }, [services]);
 119 | 
 120 |   return (
     `----

Caused by:
    Syntax Error

Import trace for requested module:
./components/operations/weekly-operations-dashboard.tsx
./components/operations/operations-center.tsx @ webpack-internal:///(app-pages-browser)/./node_modules/next/dist/client/app-index.js:32
[  154955ms] [ERROR] Failed to load resource: the server responded with a status of 500 (Internal Server Error) @ http://localhost:3000/login?redirect=%2Fservisler:0
[  155117ms] [ERROR] Failed to load resource: the server responded with a status of 500 (Internal Server Error) @ http://localhost:3000/login?redirect=%2Fservisler&_rsc=gnj1a:0
[  155358ms] [ERROR] Failed to load resource: the server responded with a status of 500 (Internal Server Error) @ http://localhost:3000/login?redirect=%2Fservisler:0
[  157001ms] ModuleBuildError: Module build failed (from ./node_modules/next/dist/build/webpack/loaders/next-swc-loader.js):
Error: 
  x Expression expected
     ,-[C:\Users\furkan.cakir\Desktop\ServicePro\ServicePro_Demo\components\operations\weekly-operations-dashboard.tsx:114:1]
 114 |       total: externalServices.length,
 115 |       locations: sortedLocations,
 116 |       uniqueBoats: new Set(externalServices.map((s) => s.tekneAdi).filter(Boolean).size,
 117 |     };
     :     ^
 118 |   }, [services]);
 119 | 
 120 |   return (
     `----


Caused by:
    Syntax Error
    at processResult (file://C:\Users\furkan.cakir\Desktop\ServicePro\ServicePro_Demo\node_modules\next\dist\compiled\webpack\bundle5.js:28:400590)
    at <unknown> (file://C:\Users\furkan.cakir\Desktop\ServicePro\ServicePro_Demo\node_modules\next\dist\compiled\webpack\bundle5.js:28:402302)
    at <unknown> (file://C:\Users\furkan.cakir\Desktop\ServicePro\ServicePro_Demo\node_modules\next\dist\compiled\loader-runner\LoaderRunner.js:1:8645)
    at <unknown> (file://C:\Users\furkan.cakir\Desktop\ServicePro\ServicePro_Demo\node_modules\next\dist\compiled\loader-runner\LoaderRunner.js:1:5019)
    at r.callback (file://C:\Users\furkan.cakir\Desktop\ServicePro\ServicePro_Demo\node_modules\next\dist\compiled\loader-runner\LoaderRunner.js:1:4039)
[  157013ms] [ERROR] ./components/operations/weekly-operations-dashboard.tsx
Error: 
  x Expression expected
     ,-[C:\Users\furkan.cakir\Desktop\ServicePro\ServicePro_Demo\components\operations\weekly-operations-dashboard.tsx:114:1]
 114 |       total: externalServices.length,
 115 |       locations: sortedLocations,
 116 |       uniqueBoats: new Set(externalServices.map((s) => s.tekneAdi).filter(Boolean).size,
 117 |     };
     :     ^
 118 |   }, [services]);
 119 | 
 120 |   return (
     `----

Caused by:
    Syntax Error @ webpack-internal:///./node_modules/next/dist/client/components/react-dev-overlay/internal/helpers/hydration-error-info.js:62
[  157603ms] [ERROR] ./components/operations/weekly-operations-dashboard.tsx
Error: 
  x Expression expected
     ,-[C:\Users\furkan.cakir\Desktop\ServicePro\ServicePro_Demo\components\operations\weekly-operations-dashboard.tsx:114:1]
 114 |       total: externalServices.length,
 115 |       locations: sortedLocations,
 116 |       uniqueBoats: new Set(externalServices.map((s) => s.tekneAdi).filter(Boolean).size,
 117 |     };
     :     ^
 118 |   }, [services]);
 119 | 
 120 |   return (
     `----

Caused by:
    Syntax Error @ webpack-internal:///./node_modules/next/dist/client/components/react-dev-overlay/internal/helpers/hydration-error-info.js:62
[ 1273004ms] [ERROR] ./components/operations/weekly-operations-dashboard.tsx
Error: 
  x Expression expected
     ,-[C:\Users\furkan.cakir\Desktop\ServicePro\ServicePro_Demo\components\operations\weekly-operations-dashboard.tsx:114:1]
 114 |       total: externalServices.length,
 115 |       locations: sortedLocations,
 116 |       uniqueBoats: new Set(externalServices.map((s) => s.tekneAdi).filter(Boolean).size,
 117 |     };
     :     ^
 118 |   }, [services]);
 119 | 
 120 |   return (
     `----

Caused by:
    Syntax Error @ webpack-internal:///./node_modules/next/dist/client/components/react-dev-overlay/internal/helpers/hydration-error-info.js:62
