[      51ms] [ERROR] Failed to load resource: the server responded with a status of 500 (Internal Server Error) @ http://localhost:3000/login:0
[     388ms] ModuleBuildError: Module build failed (from ./node_modules/next/dist/build/webpack/loaders/next-swc-loader.js):
Error: 
  x Unexpected token `div`. Expected jsx identifier
     ,-[C:\Users\furkan.cakir\Desktop\ServicePro\ServicePro_Demo\components\operations\weekly-operations-dashboard.tsx:118:1]
 118 |   }, [services]);
 119 | 
 120 |   return (
 121 |     <div className="space-y-4" data-testid="weekly-operations-dashboard">
     :      ^^^
 122 |       {/* Haftalık Özet Panel */}
 123 |       <Card className="surface-panel" data-testid="haftalik-dis-servis-plani-panel">
 124 |         <CardContent className="space-y-4 pt-4">
     `----


Caused by:
    Syntax Error
    at processResult (file://C:\Users\furkan.cakir\Desktop\ServicePro\ServicePro_Demo\node_modules\next\dist\compiled\webpack\bundle5.js:28:400590)
    at <unknown> (file://C:\Users\furkan.cakir\Desktop\ServicePro\ServicePro_Demo\node_modules\next\dist\compiled\webpack\bundle5.js:28:402302)
    at <unknown> (file://C:\Users\furkan.cakir\Desktop\ServicePro\ServicePro_Demo\node_modules\next\dist\compiled\loader-runner\LoaderRunner.js:1:8645)
    at <unknown> (file://C:\Users\furkan.cakir\Desktop\ServicePro\ServicePro_Demo\node_modules\next\dist\compiled\loader-runner\LoaderRunner.js:1:5019)
    at r.callback (file://C:\Users\furkan.cakir\Desktop\ServicePro\ServicePro_Demo\node_modules\next\dist\compiled\loader-runner\LoaderRunner.js:1:4039)
[     393ms] [ERROR] ./components/operations/weekly-operations-dashboard.tsx
Error: 
  x Unexpected token `div`. Expected jsx identifier
     ,-[C:\Users\furkan.cakir\Desktop\ServicePro\ServicePro_Demo\components\operations\weekly-operations-dashboard.tsx:118:1]
 118 |   }, [services]);
 119 | 
 120 |   return (
 121 |     <div className="space-y-4" data-testid="weekly-operations-dashboard">
     :      ^^^
 122 |       {/* Haftalık Özet Panel */}
 123 |       <Card className="surface-panel" data-testid="haftalik-dis-servis-plani-panel">
 124 |         <CardContent className="space-y-4 pt-4">
     `----

Caused by:
    Syntax Error @ webpack-internal:///./node_modules/next/dist/client/components/react-dev-overlay/internal/helpers/hydration-error-info.js:62
